{
  error: PathError [TypeError]: Missing parameter name at index 6: /api/*; visit https://git.new/pathToRegexpError for info
      at consumeUntil (D:\Fatemeh\PART\JobMesh\node_modules\path-to-regexp\dist\index.js:108:27)
      at parse (D:\Fatemeh\PART\JobMesh\node_modules\path-to-regexp\dist\index.js:140:26)
      at process (D:\Fatemeh\PART\JobMesh\node_modules\path-to-regexp\dist\index.js:263:56)
      at pathToRegexp (D:\Fatemeh\PART\JobMesh\node_modules\path-to-regexp\dist\index.js:274:5)
      at Object.match (D:\Fatemeh\PART\JobMesh\node_modules\path-to-regexp\dist\index.js:225:30)
      at matcher (D:\Fatemeh\PART\JobMesh\node_modules\router\lib\layer.js:86:23)
      at new Layer (D:\Fatemeh\PART\JobMesh\node_modules\router\lib\layer.js:93:62)
      at Function.use (D:\Fatemeh\PART\JobMesh\node_modules\router\index.js:398:19)
      at Function.<anonymous> (D:\Fatemeh\PART\JobMesh\node_modules\express\lib\application.js:222:21)
      at Array.forEach (<anonymous>) {
    originalPath: '/api/*'
  },
  level: 'error',
  message: 'uncaughtException: Missing parameter name at index 6: /api/*; visit https://git.new/pathToRegexpError for info\n' +
    'TypeError: Missing parameter name at index 6: /api/*; visit https://git.new/pathToRegexpError for info\n' +
    '    at consumeUntil (D:\\Fatemeh\\PART\\JobMesh\\node_modules\\path-to-regexp\\dist\\index.js:108:27)\n' +
    '    at parse (D:\\Fatemeh\\PART\\JobMesh\\node_modules\\path-to-regexp\\dist\\index.js:140:26)\n' +
    '    at process (D:\\Fatemeh\\PART\\JobMesh\\node_modules\\path-to-regexp\\dist\\index.js:263:56)\n' +
    '    at pathToRegexp (D:\\Fatemeh\\PART\\JobMesh\\node_modules\\path-to-regexp\\dist\\index.js:274:5)\n' +
    '    at Object.match (D:\\Fatemeh\\PART\\JobMesh\\node_modules\\path-to-regexp\\dist\\index.js:225:30)\n' +
    '    at matcher (D:\\Fatemeh\\PART\\JobMesh\\node_modules\\router\\lib\\layer.js:86:23)\n' +
    '    at new Layer (D:\\Fatemeh\\PART\\JobMesh\\node_modules\\router\\lib\\layer.js:93:62)\n' +
    '    at Function.use (D:\\Fatemeh\\PART\\JobMesh\\node_modules\\router\\index.js:398:19)\n' +
    '    at Function.<anonymous> (D:\\Fatemeh\\PART\\JobMesh\\node_modules\\express\\lib\\application.js:222:21)\n' +
    '    at Array.forEach (<anonymous>)',
  stack: 'TypeError: Missing parameter name at index 6: /api/*; visit https://git.new/pathToRegexpError for info\n' +
    '    at consumeUntil (D:\\Fatemeh\\PART\\JobMesh\\node_modules\\path-to-regexp\\dist\\index.js:108:27)\n' +
    '    at parse (D:\\Fatemeh\\PART\\JobMesh\\node_modules\\path-to-regexp\\dist\\index.js:140:26)\n' +
    '    at process (D:\\Fatemeh\\PART\\JobMesh\\node_modules\\path-to-regexp\\dist\\index.js:263:56)\n' +
    '    at pathToRegexp (D:\\Fatemeh\\PART\\JobMesh\\node_modules\\path-to-regexp\\dist\\index.js:274:5)\n' +
    '    at Object.match (D:\\Fatemeh\\PART\\JobMesh\\node_modules\\path-to-regexp\\dist\\index.js:225:30)\n' +
    '    at matcher (D:\\Fatemeh\\PART\\JobMesh\\node_modules\\router\\lib\\layer.js:86:23)\n' +
    '    at new Layer (D:\\Fatemeh\\PART\\JobMesh\\node_modules\\router\\lib\\layer.js:93:62)\n' +
    '    at Function.use (D:\\Fatemeh\\PART\\JobMesh\\node_modules\\router\\index.js:398:19)\n' +
    '    at Function.<anonymous> (D:\\Fatemeh\\PART\\JobMesh\\node_modules\\express\\lib\\application.js:222:21)\n' +
    '    at Array.forEach (<anonymous>)',
  exception: true,
  date: 'Tue Aug 18 2026 20:50:27 GMT+0330 (Iran Standard Time)',
  process: {
    pid: 20976,
    uid: null,
    gid: null,
    cwd: 'D:\\Fatemeh\\PART\\JobMesh',
    execPath: 'C:\\Program Files\\nodejs\\node.exe',
    version: 'v22.14.0',
    argv: [
      'C:\\Program Files\\nodejs\\node.exe',
      'D:\\Fatemeh\\PART\\JobMesh\\server\\src\\server.js'
    ],
    memoryUsage: {
      rss: 47906816,
      heapTotal: 17780736,
      heapUsed: 10930304,
      external: 2044946,
      arrayBuffers: 16659
    }
  },
  os: { loadavg: [ 0, 0, 0 ], uptime: 1388023.593 },
  trace: [
    {
      column: 27,
      file: 'D:\\Fatemeh\\PART\\JobMesh\\node_modules\\path-to-regexp\\dist\\index.js',
      function: 'consumeUntil',
      line: 108,
      method: null,
      native: false
    },
    {
      column: 26,
      file: 'D:\\Fatemeh\\PART\\JobMesh\\node_modules\\path-to-regexp\\dist\\index.js',
      function: 'parse',
      line: 140,
      method: null,
      native: false
    },
    {
      column: 56,
      file: 'D:\\Fatemeh\\PART\\JobMesh\\node_modules\\path-to-regexp\\dist\\index.js',
      function: 'process',
      line: 263,
      method: null,
      native: false
    },
    {
      column: 5,
      file: 'D:\\Fatemeh\\PART\\JobMesh\\node_modules\\path-to-regexp\\dist\\index.js',
      function: 'pathToRegexp',
      line: 274,
      method: null,
      native: false
    },
    {
      column: 30,
      file: 'D:\\Fatemeh\\PART\\JobMesh\\node_modules\\path-to-regexp\\dist\\index.js',
      function: 'Object.match',
      line: 225,
      method: 'match',
      native: false
    },
    {
      column: 23,
      file: 'D:\\Fatemeh\\PART\\JobMesh\\node_modules\\router\\lib\\layer.js',
      function: 'matcher',
      line: 86,
      method: null,
      native: false
    },
    {
      column: 62,
      file: 'D:\\Fatemeh\\PART\\JobMesh\\node_modules\\router\\lib\\layer.js',
      function: 'new Layer',
      line: 93,
      method: null,
      native: false
    },
    {
      column: 19,
      file: 'D:\\Fatemeh\\PART\\JobMesh\\node_modules\\router\\index.js',
      function: 'Function.use',
      line: 398,
      method: 'use',
      native: false
    },
    {
      column: 21,
      file: 'D:\\Fatemeh\\PART\\JobMesh\\node_modules\\express\\lib\\application.js',
      function: null,
      line: 222,
      method: null,
      native: false
    },
    {
      column: null,
      file: null,
      function: 'Array.forEach',
      line: null,
      method: 'forEach',
      native: false
    }
  ],
  timestamp: '2026-08-18T17:20:27.812Z'
}
{
  message: 'Missing parameter name at index 6: /api/*; visit https://git.new/pathToRegexpError for info',
  level: 'error',
  originalPath: '/api/*',
  stack: 'TypeError: Missing parameter name at index 6: /api/*; visit https://git.new/pathToRegexpError for info\n' +
    '    at consumeUntil (D:\\Fatemeh\\PART\\JobMesh\\node_modules\\path-to-regexp\\dist\\index.js:108:27)\n' +
    '    at parse (D:\\Fatemeh\\PART\\JobMesh\\node_modules\\path-to-regexp\\dist\\index.js:140:26)\n' +
    '    at process (D:\\Fatemeh\\PART\\JobMesh\\node_modules\\path-to-regexp\\dist\\index.js:263:56)\n' +
    '    at pathToRegexp (D:\\Fatemeh\\PART\\JobMesh\\node_modules\\path-to-regexp\\dist\\index.js:274:5)\n' +
    '    at Object.match (D:\\Fatemeh\\PART\\JobMesh\\node_modules\\path-to-regexp\\dist\\index.js:225:30)\n' +
    '    at matcher (D:\\Fatemeh\\PART\\JobMesh\\node_modules\\router\\lib\\layer.js:86:23)\n' +
    '    at new Layer (D:\\Fatemeh\\PART\\JobMesh\\node_modules\\router\\lib\\layer.js:93:62)\n' +
    '    at Function.use (D:\\Fatemeh\\PART\\JobMesh\\node_modules\\router\\index.js:398:19)\n' +
    '    at Function.<anonymous> (D:\\Fatemeh\\PART\\JobMesh\\node_modules\\express\\lib\\application.js:222:21)\n' +
    '    at Array.forEach (<anonymous>)',
  timestamp: '2026-08-18T17:20:27.815Z'
}
{
  error: PathError [TypeError]: Missing parameter name at index 6: /api/*; visit https://git.new/pathToRegexpError for info
      at consumeUntil (D:\Fatemeh\PART\JobMesh\node_modules\path-to-regexp\dist\index.js:108:27)
      at parse (D:\Fatemeh\PART\JobMesh\node_modules\path-to-regexp\dist\index.js:140:26)
      at process (D:\Fatemeh\PART\JobMesh\node_modules\path-to-regexp\dist\index.js:263:56)
      at pathToRegexp (D:\Fatemeh\PART\JobMesh\node_modules\path-to-regexp\dist\index.js:274:5)
      at Object.match (D:\Fatemeh\PART\JobMesh\node_modules\path-to-regexp\dist\index.js:225:30)
      at matcher (D:\Fatemeh\PART\JobMesh\node_modules\router\lib\layer.js:86:23)
      at new Layer (D:\Fatemeh\PART\JobMesh\node_modules\router\lib\layer.js:93:62)
      at Function.use (D:\Fatemeh\PART\JobMesh\node_modules\router\index.js:398:19)
      at Function.<anonymous> (D:\Fatemeh\PART\JobMesh\node_modules\express\lib\application.js:222:21)
      at Array.forEach (<anonymous>) {
    originalPath: '/api/*'
  },
  level: 'error',
  message: 'uncaughtException: Missing parameter name at index 6: /api/*; visit https://git.new/pathToRegexpError for info\n' +
    'TypeError: Missing parameter name at index 6: /api/*; visit https://git.new/pathToRegexpError for info\n' +
    '    at consumeUntil (D:\\Fatemeh\\PART\\JobMesh\\node_modules\\path-to-regexp\\dist\\index.js:108:27)\n' +
    '    at parse (D:\\Fatemeh\\PART\\JobMesh\\node_modules\\path-to-regexp\\dist\\index.js:140:26)\n' +
    '    at process (D:\\Fatemeh\\PART\\JobMesh\\node_modules\\path-to-regexp\\dist\\index.js:263:56)\n' +
    '    at pathToRegexp (D:\\Fatemeh\\PART\\JobMesh\\node_modules\\path-to-regexp\\dist\\index.js:274:5)\n' +
    '    at Object.match (D:\\Fatemeh\\PART\\JobMesh\\node_modules\\path-to-regexp\\dist\\index.js:225:30)\n' +
    '    at matcher (D:\\Fatemeh\\PART\\JobMesh\\node_modules\\router\\lib\\layer.js:86:23)\n' +
    '    at new Layer (D:\\Fatemeh\\PART\\JobMesh\\node_modules\\router\\lib\\layer.js:93:62)\n' +
    '    at Function.use (D:\\Fatemeh\\PART\\JobMesh\\node_modules\\router\\index.js:398:19)\n' +
    '    at Function.<anonymous> (D:\\Fatemeh\\PART\\JobMesh\\node_modules\\express\\lib\\application.js:222:21)\n' +
    '    at Array.forEach (<anonymous>)',
  stack: 'TypeError: Missing parameter name at index 6: /api/*; visit https://git.new/pathToRegexpError for info\n' +
    '    at consumeUntil (D:\\Fatemeh\\PART\\JobMesh\\node_modules\\path-to-regexp\\dist\\index.js:108:27)\n' +
    '    at parse (D:\\Fatemeh\\PART\\JobMesh\\node_modules\\path-to-regexp\\dist\\index.js:140:26)\n' +
    '    at process (D:\\Fatemeh\\PART\\JobMesh\\node_modules\\path-to-regexp\\dist\\index.js:263:56)\n' +
    '    at pathToRegexp (D:\\Fatemeh\\PART\\JobMesh\\node_modules\\path-to-regexp\\dist\\index.js:274:5)\n' +
    '    at Object.match (D:\\Fatemeh\\PART\\JobMesh\\node_modules\\path-to-regexp\\dist\\index.js:225:30)\n' +
    '    at matcher (D:\\Fatemeh\\PART\\JobMesh\\node_modules\\router\\lib\\layer.js:86:23)\n' +
    '    at new Layer (D:\\Fatemeh\\PART\\JobMesh\\node_modules\\router\\lib\\layer.js:93:62)\n' +
    '    at Function.use (D:\\Fatemeh\\PART\\JobMesh\\node_modules\\router\\index.js:398:19)\n' +
    '    at Function.<anonymous> (D:\\Fatemeh\\PART\\JobMesh\\node_modules\\express\\lib\\application.js:222:21)\n' +
    '    at Array.forEach (<anonymous>)',
  exception: true,
  date: 'Tue Aug 18 2026 20:51:46 GMT+0330 (Iran Standard Time)',
  process: {
    pid: 12852,
    uid: null,
    gid: null,
    cwd: 'D:\\Fatemeh\\PART\\JobMesh',
    execPath: 'C:\\Program Files\\nodejs\\node.exe',
    version: 'v22.14.0',
    argv: [
      'C:\\Program Files\\nodejs\\node.exe',
      'D:\\Fatemeh\\PART\\JobMesh\\server\\src\\server.js'
    ],
    memoryUsage: {
      rss: 47775744,
      heapTotal: 18305024,
      heapUsed: 11030664,
      external: 2044946,
      arrayBuffers: 16659
    }
  },
  os: { loadavg: [ 0, 0, 0 ], uptime: 1388102.171 },
  trace: [
    {
      column: 27,
      file: 'D:\\Fatemeh\\PART\\JobMesh\\node_modules\\path-to-regexp\\dist\\index.js',
      function: 'consumeUntil',
      line: 108,
      method: null,
      native: false
    },
    {
      column: 26,
      file: 'D:\\Fatemeh\\PART\\JobMesh\\node_modules\\path-to-regexp\\dist\\index.js',
      function: 'parse',
      line: 140,
      method: null,
      native: false
    },
    {
      column: 56,
      file: 'D:\\Fatemeh\\PART\\JobMesh\\node_modules\\path-to-regexp\\dist\\index.js',
      function: 'process',
      line: 263,
      method: null,
      native: false
    },
    {
      column: 5,
      file: 'D:\\Fatemeh\\PART\\JobMesh\\node_modules\\path-to-regexp\\dist\\index.js',
      function: 'pathToRegexp',
      line: 274,
      method: null,
      native: false
    },
    {
      column: 30,
      file: 'D:\\Fatemeh\\PART\\JobMesh\\node_modules\\path-to-regexp\\dist\\index.js',
      function: 'Object.match',
      line: 225,
      method: 'match',
      native: false
    },
    {
      column: 23,
      file: 'D:\\Fatemeh\\PART\\JobMesh\\node_modules\\router\\lib\\layer.js',
      function: 'matcher',
      line: 86,
      method: null,
      native: false
    },
    {
      column: 62,
      file: 'D:\\Fatemeh\\PART\\JobMesh\\node_modules\\router\\lib\\layer.js',
      function: 'new Layer',
      line: 93,
      method: null,
      native: false
    },
    {
      column: 19,
      file: 'D:\\Fatemeh\\PART\\JobMesh\\node_modules\\router\\index.js',
      function: 'Function.use',
      line: 398,
      method: 'use',
      native: false
    },
    {
      column: 21,
      file: 'D:\\Fatemeh\\PART\\JobMesh\\node_modules\\express\\lib\\application.js',
      function: null,
      line: 222,
      method: null,
      native: false
    },
    {
      column: null,
      file: null,
      function: 'Array.forEach',
      line: null,
      method: 'forEach',
      native: false
    }
  ],
  timestamp: '2026-08-18T17:21:46.397Z'
}
{
  message: 'Missing parameter name at index 6: /api/*; visit https://git.new/pathToRegexpError for info',
  level: 'error',
  originalPath: '/api/*',
  stack: 'TypeError: Missing parameter name at index 6: /api/*; visit https://git.new/pathToRegexpError for info\n' +
    '    at consumeUntil (D:\\Fatemeh\\PART\\JobMesh\\node_modules\\path-to-regexp\\dist\\index.js:108:27)\n' +
    '    at parse (D:\\Fatemeh\\PART\\JobMesh\\node_modules\\path-to-regexp\\dist\\index.js:140:26)\n' +
    '    at process (D:\\Fatemeh\\PART\\JobMesh\\node_modules\\path-to-regexp\\dist\\index.js:263:56)\n' +
    '    at pathToRegexp (D:\\Fatemeh\\PART\\JobMesh\\node_modules\\path-to-regexp\\dist\\index.js:274:5)\n' +
    '    at Object.match (D:\\Fatemeh\\PART\\JobMesh\\node_modules\\path-to-regexp\\dist\\index.js:225:30)\n' +
    '    at matcher (D:\\Fatemeh\\PART\\JobMesh\\node_modules\\router\\lib\\layer.js:86:23)\n' +
    '    at new Layer (D:\\Fatemeh\\PART\\JobMesh\\node_modules\\router\\lib\\layer.js:93:62)\n' +
    '    at Function.use (D:\\Fatemeh\\PART\\JobMesh\\node_modules\\router\\index.js:398:19)\n' +
    '    at Function.<anonymous> (D:\\Fatemeh\\PART\\JobMesh\\node_modules\\express\\lib\\application.js:222:21)\n' +
    '    at Array.forEach (<anonymous>)',
  timestamp: '2026-08-18T17:21:46.399Z'
}
{
  error: PathError [TypeError]: Missing parameter name at index 6: /api/*; visit https://git.new/pathToRegexpError for info
      at consumeUntil (D:\Fatemeh\PART\JobMesh\node_modules\path-to-regexp\dist\index.js:108:27)
      at parse (D:\Fatemeh\PART\JobMesh\node_modules\path-to-regexp\dist\index.js:140:26)
      at process (D:\Fatemeh\PART\JobMesh\node_modules\path-to-regexp\dist\index.js:263:56)
      at pathToRegexp (D:\Fatemeh\PART\JobMesh\node_modules\path-to-regexp\dist\index.js:274:5)
      at Object.match (D:\Fatemeh\PART\JobMesh\node_modules\path-to-regexp\dist\index.js:225:30)
      at matcher (D:\Fatemeh\PART\JobMesh\node_modules\router\lib\layer.js:86:23)
      at new Layer (D:\Fatemeh\PART\JobMesh\node_modules\router\lib\layer.js:93:62)
      at Function.use (D:\Fatemeh\PART\JobMesh\node_modules\router\index.js:398:19)
      at Function.<anonymous> (D:\Fatemeh\PART\JobMesh\node_modules\express\lib\application.js:222:21)
      at Array.forEach (<anonymous>) {
    originalPath: '/api/*'
  },
  level: 'error',
  message: 'uncaughtException: Missing parameter name at index 6: /api/*; visit https://git.new/pathToRegexpError for info\n' +
    'TypeError: Missing parameter name at index 6: /api/*; visit https://git.new/pathToRegexpError for info\n' +
    '    at consumeUntil (D:\\Fatemeh\\PART\\JobMesh\\node_modules\\path-to-regexp\\dist\\index.js:108:27)\n' +
    '    at parse (D:\\Fatemeh\\PART\\JobMesh\\node_modules\\path-to-regexp\\dist\\index.js:140:26)\n' +
    '    at process (D:\\Fatemeh\\PART\\JobMesh\\node_modules\\path-to-regexp\\dist\\index.js:263:56)\n' +
    '    at pathToRegexp (D:\\Fatemeh\\PART\\JobMesh\\node_modules\\path-to-regexp\\dist\\index.js:274:5)\n' +
    '    at Object.match (D:\\Fatemeh\\PART\\JobMesh\\node_modules\\path-to-regexp\\dist\\index.js:225:30)\n' +
    '    at matcher (D:\\Fatemeh\\PART\\JobMesh\\node_modules\\router\\lib\\layer.js:86:23)\n' +
    '    at new Layer (D:\\Fatemeh\\PART\\JobMesh\\node_modules\\router\\lib\\layer.js:93:62)\n' +
    '    at Function.use (D:\\Fatemeh\\PART\\JobMesh\\node_modules\\router\\index.js:398:19)\n' +
    '    at Function.<anonymous> (D:\\Fatemeh\\PART\\JobMesh\\node_modules\\express\\lib\\application.js:222:21)\n' +
    '    at Array.forEach (<anonymous>)',
  stack: 'TypeError: Missing parameter name at index 6: /api/*; visit https://git.new/pathToRegexpError for info\n' +
    '    at consumeUntil (D:\\Fatemeh\\PART\\JobMesh\\node_modules\\path-to-regexp\\dist\\index.js:108:27)\n' +
    '    at parse (D:\\Fatemeh\\PART\\JobMesh\\node_modules\\path-to-regexp\\dist\\index.js:140:26)\n' +
    '    at process (D:\\Fatemeh\\PART\\JobMesh\\node_modules\\path-to-regexp\\dist\\index.js:263:56)\n' +
    '    at pathToRegexp (D:\\Fatemeh\\PART\\JobMesh\\node_modules\\path-to-regexp\\dist\\index.js:274:5)\n' +
    '    at Object.match (D:\\Fatemeh\\PART\\JobMesh\\node_modules\\path-to-regexp\\dist\\index.js:225:30)\n' +
    '    at matcher (D:\\Fatemeh\\PART\\JobMesh\\node_modules\\router\\lib\\layer.js:86:23)\n' +
    '    at new Layer (D:\\Fatemeh\\PART\\JobMesh\\node_modules\\router\\lib\\layer.js:93:62)\n' +
    '    at Function.use (D:\\Fatemeh\\PART\\JobMesh\\node_modules\\router\\index.js:398:19)\n' +
    '    at Function.<anonymous> (D:\\Fatemeh\\PART\\JobMesh\\node_modules\\express\\lib\\application.js:222:21)\n' +
    '    at Array.forEach (<anonymous>)',
  exception: true,
  date: 'Tue Aug 18 2026 20:53:43 GMT+0330 (Iran Standard Time)',
  process: {
    pid: 26984,
    uid: null,
    gid: null,
    cwd: 'D:\\Fatemeh\\PART\\JobMesh',
    execPath: 'C:\\Program Files\\nodejs\\node.exe',
    version: 'v22.14.0',
    argv: [
      'C:\\Program Files\\nodejs\\node.exe',
      'D:\\Fatemeh\\PART\\JobMesh\\server\\src\\server.js'
    ],
    memoryUsage: {
      rss: 47972352,
      heapTotal: 18042880,
      heapUsed: 11089800,
      external: 2044946,
      arrayBuffers: 16659
    }
  },
  os: { loadavg: [ 0, 0, 0 ], uptime: 1388219.234 },
  trace: [
    {
      column: 27,
      file: 'D:\\Fatemeh\\PART\\JobMesh\\node_modules\\path-to-regexp\\dist\\index.js',
      function: 'consumeUntil',
      line: 108,
      method: null,
      native: false
    },
    {
      column: 26,
      file: 'D:\\Fatemeh\\PART\\JobMesh\\node_modules\\path-to-regexp\\dist\\index.js',
      function: 'parse',
      line: 140,
      method: null,
      native: false
    },
    {
      column: 56,
      file: 'D:\\Fatemeh\\PART\\JobMesh\\node_modules\\path-to-regexp\\dist\\index.js',
      function: 'process',
      line: 263,
      method: null,
      native: false
    },
    {
      column: 5,
      file: 'D:\\Fatemeh\\PART\\JobMesh\\node_modules\\path-to-regexp\\dist\\index.js',
      function: 'pathToRegexp',
      line: 274,
      method: null,
      native: false
    },
    {
      column: 30,
      file: 'D:\\Fatemeh\\PART\\JobMesh\\node_modules\\path-to-regexp\\dist\\index.js',
      function: 'Object.match',
      line: 225,
      method: 'match',
      native: false
    },
    {
      column: 23,
      file: 'D:\\Fatemeh\\PART\\JobMesh\\node_modules\\router\\lib\\layer.js',
      function: 'matcher',
      line: 86,
      method: null,
      native: false
    },
    {
      column: 62,
      file: 'D:\\Fatemeh\\PART\\JobMesh\\node_modules\\router\\lib\\layer.js',
      function: 'new Layer',
      line: 93,
      method: null,
      native: false
    },
    {
      column: 19,
      file: 'D:\\Fatemeh\\PART\\JobMesh\\node_modules\\router\\index.js',
      function: 'Function.use',
      line: 398,
      method: 'use',
      native: false
    },
    {
      column: 21,
      file: 'D:\\Fatemeh\\PART\\JobMesh\\node_modules\\express\\lib\\application.js',
      function: null,
      line: 222,
      method: null,
      native: false
    },
    {
      column: null,
      file: null,
      function: 'Array.forEach',
      line: null,
      method: 'forEach',
      native: false
    }
  ],
  timestamp: '2026-08-18T17:23:43.459Z'
}
{
  message: 'Missing parameter name at index 6: /api/*; visit https://git.new/pathToRegexpError for info',
  level: 'error',
  originalPath: '/api/*',
  stack: 'TypeError: Missing parameter name at index 6: /api/*; visit https://git.new/pathToRegexpError for info\n' +
    '    at consumeUntil (D:\\Fatemeh\\PART\\JobMesh\\node_modules\\path-to-regexp\\dist\\index.js:108:27)\n' +
    '    at parse (D:\\Fatemeh\\PART\\JobMesh\\node_modules\\path-to-regexp\\dist\\index.js:140:26)\n' +
    '    at process (D:\\Fatemeh\\PART\\JobMesh\\node_modules\\path-to-regexp\\dist\\index.js:263:56)\n' +
    '    at pathToRegexp (D:\\Fatemeh\\PART\\JobMesh\\node_modules\\path-to-regexp\\dist\\index.js:274:5)\n' +
    '    at Object.match (D:\\Fatemeh\\PART\\JobMesh\\node_modules\\path-to-regexp\\dist\\index.js:225:30)\n' +
    '    at matcher (D:\\Fatemeh\\PART\\JobMesh\\node_modules\\router\\lib\\layer.js:86:23)\n' +
    '    at new Layer (D:\\Fatemeh\\PART\\JobMesh\\node_modules\\router\\lib\\layer.js:93:62)\n' +
    '    at Function.use (D:\\Fatemeh\\PART\\JobMesh\\node_modules\\router\\index.js:398:19)\n' +
    '    at Function.<anonymous> (D:\\Fatemeh\\PART\\JobMesh\\node_modules\\express\\lib\\application.js:222:21)\n' +
    '    at Array.forEach (<anonymous>)',
  timestamp: '2026-08-18T17:23:43.460Z'
}
{
  error: PathError [TypeError]: Missing parameter name at index 6: /api/*; visit https://git.new/pathToRegexpError for info
      at consumeUntil (D:\Fatemeh\PART\JobMesh\node_modules\path-to-regexp\dist\index.js:108:27)
      at parse (D:\Fatemeh\PART\JobMesh\node_modules\path-to-regexp\dist\index.js:140:26)
      at process (D:\Fatemeh\PART\JobMesh\node_modules\path-to-regexp\dist\index.js:263:56)
      at pathToRegexp (D:\Fatemeh\PART\JobMesh\node_modules\path-to-regexp\dist\index.js:274:5)
      at Object.match (D:\Fatemeh\PART\JobMesh\node_modules\path-to-regexp\dist\index.js:225:30)
      at matcher (D:\Fatemeh\PART\JobMesh\node_modules\router\lib\layer.js:86:23)
      at new Layer (D:\Fatemeh\PART\JobMesh\node_modules\router\lib\layer.js:93:62)
      at Function.use (D:\Fatemeh\PART\JobMesh\node_modules\router\index.js:398:19)
      at Function.<anonymous> (D:\Fatemeh\PART\JobMesh\node_modules\express\lib\application.js:222:21)
      at Array.forEach (<anonymous>) {
    originalPath: '/api/*'
  },
  level: 'error',
  message: 'uncaughtException: Missing parameter name at index 6: /api/*; visit https://git.new/pathToRegexpError for info\n' +
    'TypeError: Missing parameter name at index 6: /api/*; visit https://git.new/pathToRegexpError for info\n' +
    '    at consumeUntil (D:\\Fatemeh\\PART\\JobMesh\\node_modules\\path-to-regexp\\dist\\index.js:108:27)\n' +
    '    at parse (D:\\Fatemeh\\PART\\JobMesh\\node_modules\\path-to-regexp\\dist\\index.js:140:26)\n' +
    '    at process (D:\\Fatemeh\\PART\\JobMesh\\node_modules\\path-to-regexp\\dist\\index.js:263:56)\n' +
    '    at pathToRegexp (D:\\Fatemeh\\PART\\JobMesh\\node_modules\\path-to-regexp\\dist\\index.js:274:5)\n' +
    '    at Object.match (D:\\Fatemeh\\PART\\JobMesh\\node_modules\\path-to-regexp\\dist\\index.js:225:30)\n' +
    '    at matcher (D:\\Fatemeh\\PART\\JobMesh\\node_modules\\router\\lib\\layer.js:86:23)\n' +
    '    at new Layer (D:\\Fatemeh\\PART\\JobMesh\\node_modules\\router\\lib\\layer.js:93:62)\n' +
    '    at Function.use (D:\\Fatemeh\\PART\\JobMesh\\node_modules\\router\\index.js:398:19)\n' +
    '    at Function.<anonymous> (D:\\Fatemeh\\PART\\JobMesh\\node_modules\\express\\lib\\application.js:222:21)\n' +
    '    at Array.forEach (<anonymous>)',
  stack: 'TypeError: Missing parameter name at index 6: /api/*; visit https://git.new/pathToRegexpError for info\n' +
    '    at consumeUntil (D:\\Fatemeh\\PART\\JobMesh\\node_modules\\path-to-regexp\\dist\\index.js:108:27)\n' +
    '    at parse (D:\\Fatemeh\\PART\\JobMesh\\node_modules\\path-to-regexp\\dist\\index.js:140:26)\n' +
    '    at process (D:\\Fatemeh\\PART\\JobMesh\\node_modules\\path-to-regexp\\dist\\index.js:263:56)\n' +
    '    at pathToRegexp (D:\\Fatemeh\\PART\\JobMesh\\node_modules\\path-to-regexp\\dist\\index.js:274:5)\n' +
    '    at Object.match (D:\\Fatemeh\\PART\\JobMesh\\node_modules\\path-to-regexp\\dist\\index.js:225:30)\n' +
    '    at matcher (D:\\Fatemeh\\PART\\JobMesh\\node_modules\\router\\lib\\layer.js:86:23)\n' +
    '    at new Layer (D:\\Fatemeh\\PART\\JobMesh\\node_modules\\router\\lib\\layer.js:93:62)\n' +
    '    at Function.use (D:\\Fatemeh\\PART\\JobMesh\\node_modules\\router\\index.js:398:19)\n' +
    '    at Function.<anonymous> (D:\\Fatemeh\\PART\\JobMesh\\node_modules\\express\\lib\\application.js:222:21)\n' +
    '    at Array.forEach (<anonymous>)',
  exception: true,
  date: 'Tue Aug 18 2026 20:55:02 GMT+0330 (Iran Standard Time)',
  process: {
    pid: 24680,
    uid: null,
    gid: null,
    cwd: 'D:\\Fatemeh\\PART\\JobMesh',
    execPath: 'C:\\Program Files\\nodejs\\node.exe',
    version: 'v22.14.0',
    argv: [
      'C:\\Program Files\\nodejs\\node.exe',
      'D:\\Fatemeh\\PART\\JobMesh\\server\\src\\server.js'
    ],
    memoryUsage: {
      rss: 48160768,
      heapTotal: 18305024,
      heapUsed: 11089864,
      external: 2044946,
      arrayBuffers: 16659
    }
  },
  os: { loadavg: [ 0, 0, 0 ], uptime: 1388298.296 },
  trace: [
    {
      column: 27,
      file: 'D:\\Fatemeh\\PART\\JobMesh\\node_modules\\path-to-regexp\\dist\\index.js',
      function: 'consumeUntil',
      line: 108,
      method: null,
      native: false
    },
    {
      column: 26,
      file: 'D:\\Fatemeh\\PART\\JobMesh\\node_modules\\path-to-regexp\\dist\\index.js',
      function: 'parse',
      line: 140,
      method: null,
      native: false
    },
    {
      column: 56,
      file: 'D:\\Fatemeh\\PART\\JobMesh\\node_modules\\path-to-regexp\\dist\\index.js',
      function: 'process',
      line: 263,
      method: null,
      native: false
    },
    {
      column: 5,
      file: 'D:\\Fatemeh\\PART\\JobMesh\\node_modules\\path-to-regexp\\dist\\index.js',
      function: 'pathToRegexp',
      line: 274,
      method: null,
      native: false
    },
    {
      column: 30,
      file: 'D:\\Fatemeh\\PART\\JobMesh\\node_modules\\path-to-regexp\\dist\\index.js',
      function: 'Object.match',
      line: 225,
      method: 'match',
      native: false
    },
    {
      column: 23,
      file: 'D:\\Fatemeh\\PART\\JobMesh\\node_modules\\router\\lib\\layer.js',
      function: 'matcher',
      line: 86,
      method: null,
      native: false
    },
    {
      column: 62,
      file: 'D:\\Fatemeh\\PART\\JobMesh\\node_modules\\router\\lib\\layer.js',
      function: 'new Layer',
      line: 93,
      method: null,
      native: false
    },
    {
      column: 19,
      file: 'D:\\Fatemeh\\PART\\JobMesh\\node_modules\\router\\index.js',
      function: 'Function.use',
      line: 398,
      method: 'use',
      native: false
    },
    {
      column: 21,
      file: 'D:\\Fatemeh\\PART\\JobMesh\\node_modules\\express\\lib\\application.js',
      function: null,
      line: 222,
      method: null,
      native: false
    },
    {
      column: null,
      file: null,
      function: 'Array.forEach',
      line: null,
      method: 'forEach',
      native: false
    }
  ],
  timestamp: '2026-08-18T17:25:02.516Z'
}
{
  message: 'Missing parameter name at index 6: /api/*; visit https://git.new/pathToRegexpError for info',
  level: 'error',
  originalPath: '/api/*',
  stack: 'TypeError: Missing parameter name at index 6: /api/*; visit https://git.new/pathToRegexpError for info\n' +
    '    at consumeUntil (D:\\Fatemeh\\PART\\JobMesh\\node_modules\\path-to-regexp\\dist\\index.js:108:27)\n' +
    '    at parse (D:\\Fatemeh\\PART\\JobMesh\\node_modules\\path-to-regexp\\dist\\index.js:140:26)\n' +
    '    at process (D:\\Fatemeh\\PART\\JobMesh\\node_modules\\path-to-regexp\\dist\\index.js:263:56)\n' +
    '    at pathToRegexp (D:\\Fatemeh\\PART\\JobMesh\\node_modules\\path-to-regexp\\dist\\index.js:274:5)\n' +
    '    at Object.match (D:\\Fatemeh\\PART\\JobMesh\\node_modules\\path-to-regexp\\dist\\index.js:225:30)\n' +
    '    at matcher (D:\\Fatemeh\\PART\\JobMesh\\node_modules\\router\\lib\\layer.js:86:23)\n' +
    '    at new Layer (D:\\Fatemeh\\PART\\JobMesh\\node_modules\\router\\lib\\layer.js:93:62)\n' +
    '    at Function.use (D:\\Fatemeh\\PART\\JobMesh\\node_modules\\router\\index.js:398:19)\n' +
    '    at Function.<anonymous> (D:\\Fatemeh\\PART\\JobMesh\\node_modules\\express\\lib\\application.js:222:21)\n' +
    '    at Array.forEach (<anonymous>)',
  timestamp: '2026-08-18T17:25:02.517Z'
}
{
  message: 'Mongodb stage-db connection failed to mongodb+srv://fatimaalami7780_db_user:qyh8O5SpvKLOaEAm@jobmeshcluster.ahnf5pi.mongodb.net',
  level: 'error',
  timestamp: '2026-08-18T17:29:50.041Z'
}
{
  message: 'Mongodb stage-db connection failed to mongodb+srv://fatimaalami7780_db_user:qyh8O5SpvKLOaEAm@jobmeshcluster.ahnf5pi.mongodb.net',
  level: 'error',
  timestamp: '2026-08-18T17:37:20.535Z'
}
{
  message: 'Mongodb stage-db connection failed to mongodb+srv://fatimaalami7780_db_user:49lhEcKlEDeRFNtC@jobmeshcluster.8va9zkz.mongodb.net',
  level: 'error',
  timestamp: '2026-08-18T17:40:14.085Z'
}
{
  message: 'Mongodb stage-db connection failed to mongodb+srv://fatimaalami7780_db_user:49lhEcKlEDeRFNtC@jobmeshcluster.8va9zkz.mongodb.net/',
  level: 'error',
  timestamp: '2026-08-18T17:44:25.580Z'
}
{
  message: 'Mongodb stage-db connection failed to mongodb+srv://fatimaalami7780_db_user:49lhEcKlEDeRFNtC@jobmeshcluster.8va9zkz.mongodb.net/',
  level: 'error',
  timestamp: '2026-08-18T17:48:40.435Z'
}
{
  message: 'Mongodb stage-db connection failed to mongodb+srv://fatimaalami7780_db_user:49lhEcKlEDeRFNtC@jobmeshcluster.8va9zkz.mongodb.net/',
  level: 'error',
  timestamp: '2026-08-18T17:50:55.653Z'
}
{
  error: ReferenceError: environment is not defined
      at Server.<anonymous> (D:\Fatemeh\PART\JobMesh\server\src\server.js:9:24)
      at Server.f (D:\Fatemeh\PART\JobMesh\node_modules\once\once.js:25:25)
      at Object.onceWrapper (node:events:632:28)
      at Server.emit (node:events:530:35)
      at emitListeningNT (node:net:1980:10)
      at process.processTicksAndRejections (node:internal/process/task_queues:89:21),
  level: 'error',
  message: 'uncaughtException: environment is not defined\n' +
    'ReferenceError: environment is not defined\n' +
    '    at Server.<anonymous> (D:\\Fatemeh\\PART\\JobMesh\\server\\src\\server.js:9:24)\n' +
    '    at Server.f (D:\\Fatemeh\\PART\\JobMesh\\node_modules\\once\\once.js:25:25)\n' +
    '    at Object.onceWrapper (node:events:632:28)\n' +
    '    at Server.emit (node:events:530:35)\n' +
    '    at emitListeningNT (node:net:1980:10)\n' +
    '    at process.processTicksAndRejections (node:internal/process/task_queues:89:21)',
  stack: 'ReferenceError: environment is not defined\n' +
    '    at Server.<anonymous> (D:\\Fatemeh\\PART\\JobMesh\\server\\src\\server.js:9:24)\n' +
    '    at Server.f (D:\\Fatemeh\\PART\\JobMesh\\node_modules\\once\\once.js:25:25)\n' +
    '    at Object.onceWrapper (node:events:632:28)\n' +
    '    at Server.emit (node:events:530:35)\n' +
    '    at emitListeningNT (node:net:1980:10)\n' +
    '    at process.processTicksAndRejections (node:internal/process/task_queues:89:21)',
  exception: true,
  date: 'Tue Aug 18 2026 21:22:33 GMT+0330 (Iran Standard Time)',
  process: {
    pid: 28984,
    uid: null,
    gid: null,
    cwd: 'D:\\Fatemeh\\PART\\JobMesh',
    execPath: 'C:\\Program Files\\nodejs\\node.exe',
    version: 'v22.14.0',
    argv: [
      'C:\\Program Files\\nodejs\\node.exe',
      'D:\\Fatemeh\\PART\\JobMesh\\server\\src\\server.js'
    ],
    memoryUsage: {
      rss: 61493248,
      heapTotal: 19484672,
      heapUsed: 17581440,
      external: 20661273,
      arrayBuffers: 18274990
    }
  },
  os: { loadavg: [ 0, 0, 0 ], uptime: 1389949.515 },
  trace: [
    {
      column: 24,
      file: 'D:\\Fatemeh\\PART\\JobMesh\\server\\src\\server.js',
      function: null,
      line: 9,
      method: null,
      native: false
    },
    {
      column: 25,
      file: 'D:\\Fatemeh\\PART\\JobMesh\\node_modules\\once\\once.js',
      function: 'Server.f',
      line: 25,
      method: 'f',
      native: false
    },
    {
      column: 28,
      file: 'node:events',
      function: 'Object.onceWrapper',
      line: 632,
      method: 'onceWrapper',
      native: false
    },
    {
      column: 35,
      file: 'node:events',
      function: 'Server.emit',
      line: 530,
      method: 'emit',
      native: false
    },
    {
      column: 10,
      file: 'node:net',
      function: 'emitListeningNT',
      line: 1980,
      method: null,
      native: false
    },
    {
      column: 21,
      file: 'node:internal/process/task_queues',
      function: 'process.processTicksAndRejections',
      line: 89,
      method: 'processTicksAndRejections',
      native: false
    }
  ],
  timestamp: '2026-08-18T17:52:33.744Z'
}
{
  message: 'environment is not defined',
  level: 'error',
  stack: 'ReferenceError: environment is not defined\n' +
    '    at Server.<anonymous> (D:\\Fatemeh\\PART\\JobMesh\\server\\src\\server.js:9:24)\n' +
    '    at Server.f (D:\\Fatemeh\\PART\\JobMesh\\node_modules\\once\\once.js:25:25)\n' +
    '    at Object.onceWrapper (node:events:632:28)\n' +
    '    at Server.emit (node:events:530:35)\n' +
    '    at emitListeningNT (node:net:1980:10)\n' +
    '    at process.processTicksAndRejections (node:internal/process/task_queues:89:21)',
  timestamp: '2026-08-18T17:52:33.748Z'
}
